Archive member included to satisfy reference by file (symbol)

C:\Program Files (x86)\GNU Tools ARM Embedded\5.4 2016q2\lib\gcc\arm-none-eabi\5.4.1\armv6-m\libgcc.a(_divsi3.o)
                              .\out\ftoa.o (__aeabi_idiv)
C:\Program Files (x86)\GNU Tools ARM Embedded\5.4 2016q2\lib\gcc\arm-none-eabi\5.4.1\armv6-m\libgcc.a(_dvmd_tls.o)
                              C:\Program Files (x86)\GNU Tools ARM Embedded\5.4 2016q2\lib\gcc\arm-none-eabi\5.4.1\armv6-m\libgcc.a(_divsi3.o) (__aeabi_idiv0)
C:\Program Files (x86)\GNU Tools ARM Embedded\5.4 2016q2\lib\gcc\arm-none-eabi\5.4.1\armv6-m\libgcc.a(_arm_cmpdf2.o)
                              .\out\i2c_oled.o (__aeabi_dcmplt)
C:\Program Files (x86)\GNU Tools ARM Embedded\5.4 2016q2\lib\gcc\arm-none-eabi\5.4.1\armv6-m\libgcc.a(mulsf3.o)
                              .\out\ftoa.o (__aeabi_fmul)
C:\Program Files (x86)\GNU Tools ARM Embedded\5.4 2016q2\lib\gcc\arm-none-eabi\5.4.1\armv6-m\libgcc.a(subsf3.o)
                              .\out\ftoa.o (__aeabi_fsub)
C:\Program Files (x86)\GNU Tools ARM Embedded\5.4 2016q2\lib\gcc\arm-none-eabi\5.4.1\armv6-m\libgcc.a(fixsfsi.o)
                              .\out\ftoa.o (__aeabi_f2iz)
C:\Program Files (x86)\GNU Tools ARM Embedded\5.4 2016q2\lib\gcc\arm-none-eabi\5.4.1\armv6-m\libgcc.a(floatsisf.o)
                              .\out\ftoa.o (__aeabi_i2f)
C:\Program Files (x86)\GNU Tools ARM Embedded\5.4 2016q2\lib\gcc\arm-none-eabi\5.4.1\armv6-m\libgcc.a(eqdf2.o)
                              C:\Program Files (x86)\GNU Tools ARM Embedded\5.4 2016q2\lib\gcc\arm-none-eabi\5.4.1\armv6-m\libgcc.a(_arm_cmpdf2.o) (__eqdf2)
C:\Program Files (x86)\GNU Tools ARM Embedded\5.4 2016q2\lib\gcc\arm-none-eabi\5.4.1\armv6-m\libgcc.a(gedf2.o)
                              C:\Program Files (x86)\GNU Tools ARM Embedded\5.4 2016q2\lib\gcc\arm-none-eabi\5.4.1\armv6-m\libgcc.a(_arm_cmpdf2.o) (__gedf2)
C:\Program Files (x86)\GNU Tools ARM Embedded\5.4 2016q2\lib\gcc\arm-none-eabi\5.4.1\armv6-m\libgcc.a(ledf2.o)
                              C:\Program Files (x86)\GNU Tools ARM Embedded\5.4 2016q2\lib\gcc\arm-none-eabi\5.4.1\armv6-m\libgcc.a(_arm_cmpdf2.o) (__ledf2)
C:\Program Files (x86)\GNU Tools ARM Embedded\5.4 2016q2\lib\gcc\arm-none-eabi\5.4.1\armv6-m\libgcc.a(truncdfsf2.o)
                              .\out\i2c_oled.o (__aeabi_d2f)
C:\Program Files (x86)\GNU Tools ARM Embedded\5.4 2016q2\lib\gcc\arm-none-eabi\5.4.1\armv6-m\libgcc.a(_clzsi2.o)
                              C:\Program Files (x86)\GNU Tools ARM Embedded\5.4 2016q2\lib\gcc\arm-none-eabi\5.4.1\armv6-m\libgcc.a(mulsf3.o) (__clzsi2)
c:/program files (x86)/gnu tools arm embedded/5.4 2016q2/bin/../lib/gcc/arm-none-eabi/5.4.1/../../../../arm-none-eabi/lib/armv6-m\libc.a(lib_a-memcpy-stub.o)
                              .\out\i2c_oled.o (memcpy)
c:/program files (x86)/gnu tools arm embedded/5.4 2016q2/bin/../lib/gcc/arm-none-eabi/5.4.1/../../../../arm-none-eabi/lib/armv6-m\libc.a(lib_a-memset.o)
                              .\out\i2c_oled.o (memset)
c:/program files (x86)/gnu tools arm embedded/5.4 2016q2/bin/../lib/gcc/arm-none-eabi/5.4.1/../../../../arm-none-eabi/lib/armv6-m\libc.a(lib_a-strlen-stub.o)
                              .\out\i2c_oled.o (strlen)

Allocating common symbols
Common symbol       size              file

scrbuf              0x168             .\out\i2c_oled.o
pi2c_data           0x4               .\out\i2c.o
cfont               0xc               .\out\i2c_oled.o
i2c_eeprom_data     0x20              .\out\i2c_eeprom.o

Memory Configuration

Name             Origin             Length             Attributes
flash            0x00000000         0x00008000
ram              0x10000000         0x00002000
*default*        0x00000000         0xffffffff

Linker script and memory map

LOAD .\out\init.o
LOAD .\out\led.o
LOAD .\out\uart.o
LOAD .\out\systick.o
LOAD .\out\i2c.o
LOAD .\out\i2c_eeprom.o
LOAD .\out\ftoa.o
LOAD .\out\oled_font.o
LOAD .\out\i2c_oled.o
LOAD .\out\main.o
LOAD C:\Program Files (x86)\GNU Tools ARM Embedded\5.4 2016q2\lib\gcc\arm-none-eabi\5.4.1\armv6-m\libgcc.a
START GROUP
LOAD C:\Program Files (x86)\GNU Tools ARM Embedded\5.4 2016q2\lib\gcc\arm-none-eabi\5.4.1\armv6-m\libgcc.a
LOAD c:/program files (x86)/gnu tools arm embedded/5.4 2016q2/bin/../lib/gcc/arm-none-eabi/5.4.1/../../../../arm-none-eabi/lib/armv6-m\libc.a
END GROUP
                0x00000000                . = ORIGIN (flash)

.text           0x00000000     0x25d0
 *(.vectors)
 .vectors       0x00000000       0xc0 .\out\init.o
                0x00000000                Vectors
 *(.text)
 .text          0x000000c0       0xdc .\out\init.o
                0x000000c0                start
                0x000000d0                clock_init
                0x0000011c                init
                0x00000194                Default_Handler
 .text          0x0000019c       0x64 .\out\led.o
                0x0000019c                ledCfg
                0x000001d8                ledOn
                0x000001ec                ledOff
 .text          0x00000200      0x270 .\out\uart.o
                0x00000200                uartCfg
                0x00000278                uartGetRxData
                0x0000028c                uartGetRxDataAvail
                0x000002a4                uartPutc
                0x0000030c                uartGetc
                0x0000032c                uartPuts
                0x00000370                uartPutHex
                0x000003e0                uartPutDec
 .text          0x00000470       0x7c .\out\systick.o
                0x00000470                SysTick_Handler
                0x00000488                SysTickCfg
                0x000004c0                delay_ms
 .text          0x000004ec      0x53c .\out\i2c.o
                0x000004ec                i2cConfig
                0x000004fc                i2cConfig_Init
                0x000006d8                i2cStart
                0x00000704                i2cStop
                0x00000754                I2C_IRQHandler
 .text          0x00000a28      0x2c4 .\out\i2c_eeprom.o
                0x00000a28                i2c_eeprom_current_read
                0x00000a60                i2c_eeprom_sequential_read
                0x00000ac4                i2c_eeprom_write_address
                0x00000af4                i2c_eeprom_random_read
                0x00000b30                i2c_eeprom_byte_write
                0x00000b70                i2c_eeprom_page_write
                0x00000bc0                i2c_eeprom_ack_polling
                0x00000bf0                i2c_eeprom_common_write
 .text          0x00000cec      0x164 .\out\ftoa.o
                0x00000cec                reverse
                0x00000d44                intToStr
                0x00000dc4                ftoa
 .text          0x00000e50        0x0 .\out\oled_font.o
 .text          0x00000e50      0xa6c .\out\i2c_oled.o
                0x00000e50                comm_out
                0x00000e74                comm_page_out
                0x00000e98                data_out
                0x00000ebc                data_page_out
                0x00000ee0                init_oled
                0x00000f64                pixel_on
                0x00000ff8                oled_update
                0x00001008                oled_test
                0x0000113c                oled_clrScr
                0x00001158                oled_fillScr
                0x00001174                oled_setPixel
                0x000011ec                oled_clrPixel
                0x00001268                oled_setFont
                0x000012a4                oled_print_char
                0x00001490                oled_print
                0x00001524                oled_printNumI
                0x000016cc                oled_printNumF
                0x000017f0                oled_drawBitmap
 .text          0x000018bc      0x148 .\out\main.o
                0x000018bc                main
 .text          0x00001a04      0x1d4 C:\Program Files (x86)\GNU Tools ARM Embedded\5.4 2016q2\lib\gcc\arm-none-eabi\5.4.1\armv6-m\libgcc.a(_divsi3.o)
                0x00001a04                __divsi3
                0x00001a04                __aeabi_idiv
                0x00001bd0                __aeabi_idivmod
 .text          0x00001bd8        0x4 C:\Program Files (x86)\GNU Tools ARM Embedded\5.4 2016q2\lib\gcc\arm-none-eabi\5.4.1\armv6-m\libgcc.a(_dvmd_tls.o)
                0x00001bd8                __aeabi_idiv0
                0x00001bd8                __aeabi_ldiv0
 .text          0x00001bdc       0x7c C:\Program Files (x86)\GNU Tools ARM Embedded\5.4 2016q2\lib\gcc\arm-none-eabi\5.4.1\armv6-m\libgcc.a(_arm_cmpdf2.o)
                0x00001bdc                __aeabi_cdrcmple
                0x00001bec                __aeabi_cdcmple
                0x00001bec                __aeabi_cdcmpeq
                0x00001bfc                __aeabi_dcmpeq
                0x00001c08                __aeabi_dcmplt
                0x00001c1c                __aeabi_dcmple
                0x00001c30                __aeabi_dcmpgt
                0x00001c44                __aeabi_dcmpge
 .text          0x00001c58      0x228 C:\Program Files (x86)\GNU Tools ARM Embedded\5.4 2016q2\lib\gcc\arm-none-eabi\5.4.1\armv6-m\libgcc.a(mulsf3.o)
                0x00001c58                __aeabi_fmul
 .text          0x00001e80      0x30c C:\Program Files (x86)\GNU Tools ARM Embedded\5.4 2016q2\lib\gcc\arm-none-eabi\5.4.1\armv6-m\libgcc.a(subsf3.o)
                0x00001e80                __aeabi_fsub
 .text          0x0000218c       0x44 C:\Program Files (x86)\GNU Tools ARM Embedded\5.4 2016q2\lib\gcc\arm-none-eabi\5.4.1\armv6-m\libgcc.a(fixsfsi.o)
                0x0000218c                __aeabi_f2iz
 .text          0x000021d0       0x90 C:\Program Files (x86)\GNU Tools ARM Embedded\5.4 2016q2\lib\gcc\arm-none-eabi\5.4.1\armv6-m\libgcc.a(floatsisf.o)
                0x000021d0                __aeabi_i2f
 .text          0x00002260       0x80 C:\Program Files (x86)\GNU Tools ARM Embedded\5.4 2016q2\lib\gcc\arm-none-eabi\5.4.1\armv6-m\libgcc.a(eqdf2.o)
                0x00002260                __nedf2
                0x00002260                __eqdf2
 .text          0x000022e0       0xc8 C:\Program Files (x86)\GNU Tools ARM Embedded\5.4 2016q2\lib\gcc\arm-none-eabi\5.4.1\armv6-m\libgcc.a(gedf2.o)
                0x000022e0                __gedf2
                0x000022e0                __gtdf2
 .text          0x000023a8       0xd4 C:\Program Files (x86)\GNU Tools ARM Embedded\5.4 2016q2\lib\gcc\arm-none-eabi\5.4.1\armv6-m\libgcc.a(ledf2.o)
                0x000023a8                __ledf2
                0x000023a8                __ltdf2
 .text          0x0000247c      0x118 C:\Program Files (x86)\GNU Tools ARM Embedded\5.4 2016q2\lib\gcc\arm-none-eabi\5.4.1\armv6-m\libgcc.a(truncdfsf2.o)
                0x0000247c                __aeabi_d2f
 .text          0x00002594       0x3c C:\Program Files (x86)\GNU Tools ARM Embedded\5.4 2016q2\lib\gcc\arm-none-eabi\5.4.1\armv6-m\libgcc.a(_clzsi2.o)
                0x00002594                __clzsi2
 .text          0x000025d0        0x0 c:/program files (x86)/gnu tools arm embedded/5.4 2016q2/bin/../lib/gcc/arm-none-eabi/5.4.1/../../../../arm-none-eabi/lib/armv6-m\libc.a(lib_a-memcpy-stub.o)
 .text          0x000025d0        0x0 c:/program files (x86)/gnu tools arm embedded/5.4 2016q2/bin/../lib/gcc/arm-none-eabi/5.4.1/../../../../arm-none-eabi/lib/armv6-m\libc.a(lib_a-memset.o)
 .text          0x000025d0        0x0 c:/program files (x86)/gnu tools arm embedded/5.4 2016q2/bin/../lib/gcc/arm-none-eabi/5.4.1/../../../../arm-none-eabi/lib/armv6-m\libc.a(lib_a-strlen-stub.o)

.glue_7         0x000025d0        0x0
 .glue_7        0x000025d0        0x0 linker stubs

.glue_7t        0x000025d0        0x0
 .glue_7t       0x000025d0        0x0 linker stubs

.vfp11_veneer   0x000025d0        0x0
 .vfp11_veneer  0x000025d0        0x0 linker stubs

.v4_bx          0x000025d0        0x0
 .v4_bx         0x000025d0        0x0 linker stubs

.iplt           0x000025d0        0x0
 .iplt          0x000025d0        0x0 .\out\init.o

.text.memcpy    0x000025d0       0x7c
 .text.memcpy   0x000025d0       0x7c c:/program files (x86)/gnu tools arm embedded/5.4 2016q2/bin/../lib/gcc/arm-none-eabi/5.4.1/../../../../arm-none-eabi/lib/armv6-m\libc.a(lib_a-memcpy-stub.o)
                0x000025d0                memcpy

.text.memset    0x0000264c       0x8c
 .text.memset   0x0000264c       0x8c c:/program files (x86)/gnu tools arm embedded/5.4 2016q2/bin/../lib/gcc/arm-none-eabi/5.4.1/../../../../arm-none-eabi/lib/armv6-m\libc.a(lib_a-memset.o)
                0x0000264c                memset

.text.strlen    0x000026d8       0x68
 .text.strlen   0x000026d8       0x68 c:/program files (x86)/gnu tools arm embedded/5.4 2016q2/bin/../lib/gcc/arm-none-eabi/5.4.1/../../../../arm-none-eabi/lib/armv6-m\libc.a(lib_a-strlen-stub.o)
                0x000026d8                strlen

.rel.dyn        0x00002740        0x0
 .rel.iplt      0x00002740        0x0 .\out\init.o

.rodata         0x00002740      0x854
 .rodata        0x00002740       0x28 .\out\uart.o
 .rodata        0x00002768      0x164 .\out\i2c.o
 .rodata        0x000028cc      0x5a2 .\out\oled_font.o
                0x000028cc                SmallFont
                0x00002b0c                MediumNumbers
                0x00002c48                BigNumbers
 *fill*         0x00002e6e        0x2 
 .rodata        0x00002e70       0x98 .\out\i2c_oled.o
 .rodata        0x00002f08       0x4a .\out\main.o
 *fill*         0x00002f52        0x2 
 .rodata        0x00002f54       0x40 C:\Program Files (x86)\GNU Tools ARM Embedded\5.4 2016q2\lib\gcc\arm-none-eabi\5.4.1\armv6-m\libgcc.a(mulsf3.o)
                0x10000000                . = ORIGIN (ram)

.data           0x10000000       0x7c load address 0x00002f94
                0x00002f94                INIT_DATA_VALUES = LOADADDR (.data)
                0x10000000                INIT_DATA_START = .
 *(.data)
 .data          0x10000000        0x0 .\out\init.o
 .data          0x10000000        0x0 .\out\led.o
 .data          0x10000000        0x0 .\out\uart.o
 .data          0x10000000        0x0 .\out\systick.o
 .data          0x10000000        0x0 .\out\i2c.o
 .data          0x10000000        0x4 .\out\i2c_eeprom.o
                0x10000000                ADDRESS_SIZE
 .data          0x10000004        0x0 .\out\ftoa.o
 .data          0x10000004        0x0 .\out\oled_font.o
 .data          0x10000004       0x78 .\out\i2c_oled.o
                0x10000004                ble_broadcast_small
 .data          0x1000007c        0x0 .\out\main.o
 .data          0x1000007c        0x0 C:\Program Files (x86)\GNU Tools ARM Embedded\5.4 2016q2\lib\gcc\arm-none-eabi\5.4.1\armv6-m\libgcc.a(_divsi3.o)
 .data          0x1000007c        0x0 C:\Program Files (x86)\GNU Tools ARM Embedded\5.4 2016q2\lib\gcc\arm-none-eabi\5.4.1\armv6-m\libgcc.a(_dvmd_tls.o)
 .data          0x1000007c        0x0 C:\Program Files (x86)\GNU Tools ARM Embedded\5.4 2016q2\lib\gcc\arm-none-eabi\5.4.1\armv6-m\libgcc.a(_arm_cmpdf2.o)
 .data          0x1000007c        0x0 C:\Program Files (x86)\GNU Tools ARM Embedded\5.4 2016q2\lib\gcc\arm-none-eabi\5.4.1\armv6-m\libgcc.a(mulsf3.o)
 .data          0x1000007c        0x0 C:\Program Files (x86)\GNU Tools ARM Embedded\5.4 2016q2\lib\gcc\arm-none-eabi\5.4.1\armv6-m\libgcc.a(subsf3.o)
 .data          0x1000007c        0x0 C:\Program Files (x86)\GNU Tools ARM Embedded\5.4 2016q2\lib\gcc\arm-none-eabi\5.4.1\armv6-m\libgcc.a(fixsfsi.o)
 .data          0x1000007c        0x0 C:\Program Files (x86)\GNU Tools ARM Embedded\5.4 2016q2\lib\gcc\arm-none-eabi\5.4.1\armv6-m\libgcc.a(floatsisf.o)
 .data          0x1000007c        0x0 C:\Program Files (x86)\GNU Tools ARM Embedded\5.4 2016q2\lib\gcc\arm-none-eabi\5.4.1\armv6-m\libgcc.a(eqdf2.o)
 .data          0x1000007c        0x0 C:\Program Files (x86)\GNU Tools ARM Embedded\5.4 2016q2\lib\gcc\arm-none-eabi\5.4.1\armv6-m\libgcc.a(gedf2.o)
 .data          0x1000007c        0x0 C:\Program Files (x86)\GNU Tools ARM Embedded\5.4 2016q2\lib\gcc\arm-none-eabi\5.4.1\armv6-m\libgcc.a(ledf2.o)
 .data          0x1000007c        0x0 C:\Program Files (x86)\GNU Tools ARM Embedded\5.4 2016q2\lib\gcc\arm-none-eabi\5.4.1\armv6-m\libgcc.a(truncdfsf2.o)
 .data          0x1000007c        0x0 C:\Program Files (x86)\GNU Tools ARM Embedded\5.4 2016q2\lib\gcc\arm-none-eabi\5.4.1\armv6-m\libgcc.a(_clzsi2.o)
 .data          0x1000007c        0x0 c:/program files (x86)/gnu tools arm embedded/5.4 2016q2/bin/../lib/gcc/arm-none-eabi/5.4.1/../../../../arm-none-eabi/lib/armv6-m\libc.a(lib_a-memcpy-stub.o)
 .data          0x1000007c        0x0 c:/program files (x86)/gnu tools arm embedded/5.4 2016q2/bin/../lib/gcc/arm-none-eabi/5.4.1/../../../../arm-none-eabi/lib/armv6-m\libc.a(lib_a-memset.o)
 .data          0x1000007c        0x0 c:/program files (x86)/gnu tools arm embedded/5.4 2016q2/bin/../lib/gcc/arm-none-eabi/5.4.1/../../../../arm-none-eabi/lib/armv6-m\libc.a(lib_a-strlen-stub.o)
                0x1000007c                INIT_DATA_END = .
                0x1000007c                BSS_START = .

.igot.plt       0x1000007c        0x0 load address 0x00003010
 .igot.plt      0x1000007c        0x0 .\out\init.o

.bss            0x1000007c      0x19c load address 0x00003010
 *(.bss)
 .bss           0x1000007c        0x0 .\out\init.o
 .bss           0x1000007c        0x0 .\out\led.o
 .bss           0x1000007c        0x0 .\out\uart.o
 .bss           0x1000007c        0x4 .\out\systick.o
                0x1000007c                TickCount
 .bss           0x10000080        0x0 .\out\i2c.o
 .bss           0x10000080        0x0 .\out\i2c_eeprom.o
 .bss           0x10000080        0x0 .\out\ftoa.o
 .bss           0x10000080        0x0 .\out\oled_font.o
 .bss           0x10000080        0x0 .\out\i2c_oled.o
 .bss           0x10000080        0x0 .\out\main.o
 .bss           0x10000080        0x0 C:\Program Files (x86)\GNU Tools ARM Embedded\5.4 2016q2\lib\gcc\arm-none-eabi\5.4.1\armv6-m\libgcc.a(_divsi3.o)
 .bss           0x10000080        0x0 C:\Program Files (x86)\GNU Tools ARM Embedded\5.4 2016q2\lib\gcc\arm-none-eabi\5.4.1\armv6-m\libgcc.a(_dvmd_tls.o)
 .bss           0x10000080        0x0 C:\Program Files (x86)\GNU Tools ARM Embedded\5.4 2016q2\lib\gcc\arm-none-eabi\5.4.1\armv6-m\libgcc.a(_arm_cmpdf2.o)
 .bss           0x10000080        0x0 C:\Program Files (x86)\GNU Tools ARM Embedded\5.4 2016q2\lib\gcc\arm-none-eabi\5.4.1\armv6-m\libgcc.a(mulsf3.o)
 .bss           0x10000080        0x0 C:\Program Files (x86)\GNU Tools ARM Embedded\5.4 2016q2\lib\gcc\arm-none-eabi\5.4.1\armv6-m\libgcc.a(subsf3.o)
 .bss           0x10000080        0x0 C:\Program Files (x86)\GNU Tools ARM Embedded\5.4 2016q2\lib\gcc\arm-none-eabi\5.4.1\armv6-m\libgcc.a(fixsfsi.o)
 .bss           0x10000080        0x0 C:\Program Files (x86)\GNU Tools ARM Embedded\5.4 2016q2\lib\gcc\arm-none-eabi\5.4.1\armv6-m\libgcc.a(floatsisf.o)
 .bss           0x10000080        0x0 C:\Program Files (x86)\GNU Tools ARM Embedded\5.4 2016q2\lib\gcc\arm-none-eabi\5.4.1\armv6-m\libgcc.a(eqdf2.o)
 .bss           0x10000080        0x0 C:\Program Files (x86)\GNU Tools ARM Embedded\5.4 2016q2\lib\gcc\arm-none-eabi\5.4.1\armv6-m\libgcc.a(gedf2.o)
 .bss           0x10000080        0x0 C:\Program Files (x86)\GNU Tools ARM Embedded\5.4 2016q2\lib\gcc\arm-none-eabi\5.4.1\armv6-m\libgcc.a(ledf2.o)
 .bss           0x10000080        0x0 C:\Program Files (x86)\GNU Tools ARM Embedded\5.4 2016q2\lib\gcc\arm-none-eabi\5.4.1\armv6-m\libgcc.a(truncdfsf2.o)
 .bss           0x10000080        0x0 C:\Program Files (x86)\GNU Tools ARM Embedded\5.4 2016q2\lib\gcc\arm-none-eabi\5.4.1\armv6-m\libgcc.a(_clzsi2.o)
 .bss           0x10000080        0x0 c:/program files (x86)/gnu tools arm embedded/5.4 2016q2/bin/../lib/gcc/arm-none-eabi/5.4.1/../../../../arm-none-eabi/lib/armv6-m\libc.a(lib_a-memcpy-stub.o)
 .bss           0x10000080        0x0 c:/program files (x86)/gnu tools arm embedded/5.4 2016q2/bin/../lib/gcc/arm-none-eabi/5.4.1/../../../../arm-none-eabi/lib/armv6-m\libc.a(lib_a-memset.o)
 .bss           0x10000080        0x0 c:/program files (x86)/gnu tools arm embedded/5.4 2016q2/bin/../lib/gcc/arm-none-eabi/5.4.1/../../../../arm-none-eabi/lib/armv6-m\libc.a(lib_a-strlen-stub.o)
 COMMON         0x10000080        0x4 .\out\i2c.o
                0x10000080                pi2c_data
 COMMON         0x10000084       0x20 .\out\i2c_eeprom.o
                0x10000084                i2c_eeprom_data
 COMMON         0x100000a4      0x174 .\out\i2c_oled.o
                0x100000a4                scrbuf
                0x1000020c                cfont
                0x10000218                BSS_END = .
OUTPUT(.\out\main.elf elf32-littlearm)

.debug_info     0x00000000     0x185f
 .debug_info    0x00000000      0x113 .\out\init.o
 .debug_info    0x00000113       0x59 .\out\led.o
 .debug_info    0x0000016c      0x1ae .\out\uart.o
 .debug_info    0x0000031a       0xa4 .\out\systick.o
 .debug_info    0x000003be      0x49b .\out\i2c.o
 .debug_info    0x00000859      0x414 .\out\i2c_eeprom.o
 .debug_info    0x00000c6d      0x1b1 .\out\ftoa.o
 .debug_info    0x00000e1e       0xfb .\out\oled_font.o
 .debug_info    0x00000f19      0x82a .\out\i2c_oled.o
 .debug_info    0x00001743      0x11c .\out\main.o

.debug_abbrev   0x00000000      0x88a
 .debug_abbrev  0x00000000       0xdf .\out\init.o
 .debug_abbrev  0x000000df       0x2c .\out\led.o
 .debug_abbrev  0x0000010b      0x10a .\out\uart.o
 .debug_abbrev  0x00000215       0x8d .\out\systick.o
 .debug_abbrev  0x000002a2      0x18e .\out\i2c.o
 .debug_abbrev  0x00000430       0xcf .\out\i2c_eeprom.o
 .debug_abbrev  0x000004ff       0xc6 .\out\ftoa.o
 .debug_abbrev  0x000005c5       0x5d .\out\oled_font.o
 .debug_abbrev  0x00000622      0x1aa .\out\i2c_oled.o
 .debug_abbrev  0x000007cc       0xbe .\out\main.o

.debug_aranges  0x00000000      0x138
 .debug_aranges
                0x00000000       0x20 .\out\init.o
 .debug_aranges
                0x00000020       0x20 .\out\led.o
 .debug_aranges
                0x00000040       0x20 .\out\uart.o
 .debug_aranges
                0x00000060       0x20 .\out\systick.o
 .debug_aranges
                0x00000080       0x20 .\out\i2c.o
 .debug_aranges
                0x000000a0       0x20 .\out\i2c_eeprom.o
 .debug_aranges
                0x000000c0       0x20 .\out\ftoa.o
 .debug_aranges
                0x000000e0       0x18 .\out\oled_font.o
 .debug_aranges
                0x000000f8       0x20 .\out\i2c_oled.o
 .debug_aranges
                0x00000118       0x20 .\out\main.o

.debug_line     0x00000000      0xa9c
 .debug_line    0x00000000       0x56 .\out\init.o
 .debug_line    0x00000056       0x47 .\out\led.o
 .debug_line    0x0000009d       0xb6 .\out\uart.o
 .debug_line    0x00000153       0x4e .\out\systick.o
 .debug_line    0x000001a1      0x1bb .\out\i2c.o
 .debug_line    0x0000035c      0x164 .\out\i2c_eeprom.o
 .debug_line    0x000004c0       0x6c .\out\ftoa.o
 .debug_line    0x0000052c      0x100 .\out\oled_font.o
 .debug_line    0x0000062c      0x30b .\out\i2c_oled.o
 .debug_line    0x00000937      0x165 .\out\main.o

.debug_str      0x00000000      0x9a4
 .debug_str     0x00000000      0x12a .\out\init.o
                                0x13c (size before relaxing)
 .debug_str     0x0000012a       0x23 .\out\led.o
                                 0xc0 (size before relaxing)
 .debug_str     0x0000014d       0xb8 .\out\uart.o
                                0x179 (size before relaxing)
 .debug_str     0x00000205       0x53 .\out\systick.o
                                 0xf0 (size before relaxing)
 .debug_str     0x00000258      0x3c1 .\out\i2c.o
                                0x504 (size before relaxing)
 .debug_str     0x00000619      0x16a .\out\i2c_eeprom.o
                                0x3b4 (size before relaxing)
 .debug_str     0x00000783       0x43 .\out\ftoa.o
                                0x18a (size before relaxing)
 .debug_str     0x000007c6       0x38 .\out\oled_font.o
                                0x174 (size before relaxing)
 .debug_str     0x000007fe      0x19a .\out\i2c_oled.o
                                0x334 (size before relaxing)
 .debug_str     0x00000998        0xc .\out\main.o
                                0x198 (size before relaxing)

.comment        0x00000000       0x6e
 .comment       0x00000000       0x6e .\out\init.o
                                 0x6f (size before relaxing)
 .comment       0x0000006e       0x6f .\out\led.o
 .comment       0x0000006e       0x6f .\out\uart.o
 .comment       0x0000006e       0x6f .\out\systick.o
 .comment       0x0000006e       0x6f .\out\i2c.o
 .comment       0x0000006e       0x6f .\out\i2c_eeprom.o
 .comment       0x0000006e       0x6f .\out\ftoa.o
 .comment       0x0000006e       0x6f .\out\oled_font.o
 .comment       0x0000006e       0x6f .\out\i2c_oled.o
 .comment       0x0000006e       0x6f .\out\main.o

.ARM.attributes
                0x00000000       0x31
 .ARM.attributes
                0x00000000       0x31 .\out\init.o
 .ARM.attributes
                0x00000031       0x31 .\out\led.o
 .ARM.attributes
                0x00000062       0x31 .\out\uart.o
 .ARM.attributes
                0x00000093       0x31 .\out\systick.o
 .ARM.attributes
                0x000000c4       0x31 .\out\i2c.o
 .ARM.attributes
                0x000000f5       0x31 .\out\i2c_eeprom.o
 .ARM.attributes
                0x00000126       0x31 .\out\ftoa.o
 .ARM.attributes
                0x00000157       0x31 .\out\oled_font.o
 .ARM.attributes
                0x00000188       0x31 .\out\i2c_oled.o
 .ARM.attributes
                0x000001b9       0x31 .\out\main.o
 .ARM.attributes
                0x000001ea       0x1e C:\Program Files (x86)\GNU Tools ARM Embedded\5.4 2016q2\lib\gcc\arm-none-eabi\5.4.1\armv6-m\libgcc.a(_divsi3.o)
 .ARM.attributes
                0x00000208       0x1e C:\Program Files (x86)\GNU Tools ARM Embedded\5.4 2016q2\lib\gcc\arm-none-eabi\5.4.1\armv6-m\libgcc.a(_dvmd_tls.o)
 .ARM.attributes
                0x00000226       0x1e C:\Program Files (x86)\GNU Tools ARM Embedded\5.4 2016q2\lib\gcc\arm-none-eabi\5.4.1\armv6-m\libgcc.a(_arm_cmpdf2.o)
 .ARM.attributes
                0x00000244       0x2c C:\Program Files (x86)\GNU Tools ARM Embedded\5.4 2016q2\lib\gcc\arm-none-eabi\5.4.1\armv6-m\libgcc.a(mulsf3.o)
 .ARM.attributes
                0x00000270       0x2c C:\Program Files (x86)\GNU Tools ARM Embedded\5.4 2016q2\lib\gcc\arm-none-eabi\5.4.1\armv6-m\libgcc.a(subsf3.o)
 .ARM.attributes
                0x0000029c       0x2c C:\Program Files (x86)\GNU Tools ARM Embedded\5.4 2016q2\lib\gcc\arm-none-eabi\5.4.1\armv6-m\libgcc.a(fixsfsi.o)
 .ARM.attributes
                0x000002c8       0x2c C:\Program Files (x86)\GNU Tools ARM Embedded\5.4 2016q2\lib\gcc\arm-none-eabi\5.4.1\armv6-m\libgcc.a(floatsisf.o)
 .ARM.attributes
                0x000002f4       0x2c C:\Program Files (x86)\GNU Tools ARM Embedded\5.4 2016q2\lib\gcc\arm-none-eabi\5.4.1\armv6-m\libgcc.a(eqdf2.o)
 .ARM.attributes
                0x00000320       0x2c C:\Program Files (x86)\GNU Tools ARM Embedded\5.4 2016q2\lib\gcc\arm-none-eabi\5.4.1\armv6-m\libgcc.a(gedf2.o)
 .ARM.attributes
                0x0000034c       0x2c C:\Program Files (x86)\GNU Tools ARM Embedded\5.4 2016q2\lib\gcc\arm-none-eabi\5.4.1\armv6-m\libgcc.a(ledf2.o)
 .ARM.attributes
                0x00000378       0x2c C:\Program Files (x86)\GNU Tools ARM Embedded\5.4 2016q2\lib\gcc\arm-none-eabi\5.4.1\armv6-m\libgcc.a(truncdfsf2.o)
 .ARM.attributes
                0x000003a4       0x1e C:\Program Files (x86)\GNU Tools ARM Embedded\5.4 2016q2\lib\gcc\arm-none-eabi\5.4.1\armv6-m\libgcc.a(_clzsi2.o)
 .ARM.attributes
                0x000003c2       0x2c c:/program files (x86)/gnu tools arm embedded/5.4 2016q2/bin/../lib/gcc/arm-none-eabi/5.4.1/../../../../arm-none-eabi/lib/armv6-m\libc.a(lib_a-memcpy-stub.o)
 .ARM.attributes
                0x000003ee       0x2c c:/program files (x86)/gnu tools arm embedded/5.4 2016q2/bin/../lib/gcc/arm-none-eabi/5.4.1/../../../../arm-none-eabi/lib/armv6-m\libc.a(lib_a-memset.o)
 .ARM.attributes
                0x0000041a       0x2c c:/program files (x86)/gnu tools arm embedded/5.4 2016q2/bin/../lib/gcc/arm-none-eabi/5.4.1/../../../../arm-none-eabi/lib/armv6-m\libc.a(lib_a-strlen-stub.o)

.debug_frame    0x00000000      0x91c
 .debug_frame   0x00000000       0x84 .\out\init.o
 .debug_frame   0x00000084       0x64 .\out\led.o
 .debug_frame   0x000000e8      0x100 .\out\uart.o
 .debug_frame   0x000001e8       0x6c .\out\systick.o
 .debug_frame   0x00000254       0xac .\out\i2c.o
 .debug_frame   0x00000300      0x110 .\out\i2c_eeprom.o
 .debug_frame   0x00000410       0x70 .\out\ftoa.o
 .debug_frame   0x00000480      0x244 .\out\i2c_oled.o
 .debug_frame   0x000006c4       0x30 .\out\main.o
 .debug_frame   0x000006f4       0x20 C:\Program Files (x86)\GNU Tools ARM Embedded\5.4 2016q2\lib\gcc\arm-none-eabi\5.4.1\armv6-m\libgcc.a(_divsi3.o)
 .debug_frame   0x00000714       0x38 C:\Program Files (x86)\GNU Tools ARM Embedded\5.4 2016q2\lib\gcc\arm-none-eabi\5.4.1\armv6-m\libgcc.a(mulsf3.o)
 .debug_frame   0x0000074c       0x30 C:\Program Files (x86)\GNU Tools ARM Embedded\5.4 2016q2\lib\gcc\arm-none-eabi\5.4.1\armv6-m\libgcc.a(subsf3.o)
 .debug_frame   0x0000077c       0x20 C:\Program Files (x86)\GNU Tools ARM Embedded\5.4 2016q2\lib\gcc\arm-none-eabi\5.4.1\armv6-m\libgcc.a(fixsfsi.o)
 .debug_frame   0x0000079c       0x2c C:\Program Files (x86)\GNU Tools ARM Embedded\5.4 2016q2\lib\gcc\arm-none-eabi\5.4.1\armv6-m\libgcc.a(floatsisf.o)
 .debug_frame   0x000007c8       0x38 C:\Program Files (x86)\GNU Tools ARM Embedded\5.4 2016q2\lib\gcc\arm-none-eabi\5.4.1\armv6-m\libgcc.a(eqdf2.o)
 .debug_frame   0x00000800       0x38 C:\Program Files (x86)\GNU Tools ARM Embedded\5.4 2016q2\lib\gcc\arm-none-eabi\5.4.1\armv6-m\libgcc.a(gedf2.o)
 .debug_frame   0x00000838       0x38 C:\Program Files (x86)\GNU Tools ARM Embedded\5.4 2016q2\lib\gcc\arm-none-eabi\5.4.1\armv6-m\libgcc.a(ledf2.o)
 .debug_frame   0x00000870       0x2c C:\Program Files (x86)\GNU Tools ARM Embedded\5.4 2016q2\lib\gcc\arm-none-eabi\5.4.1\armv6-m\libgcc.a(truncdfsf2.o)
 .debug_frame   0x0000089c       0x2c c:/program files (x86)/gnu tools arm embedded/5.4 2016q2/bin/../lib/gcc/arm-none-eabi/5.4.1/../../../../arm-none-eabi/lib/armv6-m\libc.a(lib_a-memcpy-stub.o)
 .debug_frame   0x000008c8       0x2c c:/program files (x86)/gnu tools arm embedded/5.4 2016q2/bin/../lib/gcc/arm-none-eabi/5.4.1/../../../../arm-none-eabi/lib/armv6-m\libc.a(lib_a-memset.o)
 .debug_frame   0x000008f4       0x28 c:/program files (x86)/gnu tools arm embedded/5.4 2016q2/bin/../lib/gcc/arm-none-eabi/5.4.1/../../../../arm-none-eabi/lib/armv6-m\libc.a(lib_a-strlen-stub.o)
